---
source: tests/templates_test.rs
assertion_line: 132
expression: render(&IntroTemplate)
---
    __  __ _   __ ____ ______ _____  ____
   / / / // | / //  _//_  __/|__  / / __ \
  / / / //  |/ / / /   / /    /_ < / / / /
 / /_/ // /|  /_/ /   / /   ___/ // /_/ /
 \____//_/ |_//___/  /_/   /____//_____/  
                                          

    *-----------------------------------------------*
    | Copyright:   2017-2026                        |
    | Founder:     HDVinnie                         |
    | Maintainers: HDVinnie, Roardom & Community    |
    | Installer:   Rust Edition v3.0                |
    *-----------------------------------------------*
